//
//	Package - transpiled by c4go
//
//	If you have found any issues, please raise an issue at:
//	https://github.com/Konstantin8105/c4go/
//

package code_quality

// test_min_max - transpiled function from  C4GO/tests/code_quality/ternary.c:18
func test_min_max() {
	{
		diag([]byte("char\x00"))
		var a byte = byte(54)
		var b byte = byte(-4 + 256)
		var c byte
		c = byte(func() int32 {
			if int32(a) > int32(b) {
				return int32(a)
			}
			return int32(b)
		}())
		c = byte(func() int32 {
			if int32(a) < int32(b) {
				return int32(a)
			}
			return int32(b)
		}())
		c = byte(func() int32 {
			if int32(b) < int32(a) {
				return int32(a)
			}
			return int32(b)
		}())
		c = byte(func() int32 {
			if int32(b) > int32(a) {
				return int32(a)
			}
			return int32(b)
		}())
		c = byte(func() int32 {
			if int32(a) > int32(b) {
				return int32(a)
			}
			return int32(b) + 1
		}())
		c = byte(func() int32 {
			if int32(a) < int32(b) {
				return int32(a) + 1
			}
			return int32(b)
		}())
		c = byte(func() int32 {
			if int32(b) < int32(a) {
				return int32(a)
			}
			return int32(b) + 1
		}())
		c = byte(func() int32 {
			if int32(b) > int32(a) {
				return int32(a) + 1
			}
			return int32(b)
		}())
	}
	{
		diag([]byte("short\x00"))
		var a int16 = 54
		var b int16 = int16(-4)
		var c int16
		c = int16(func() int32 {
			if int32(a) > int32(b) {
				return int32(a)
			}
			return int32(b)
		}())
		c = int16(func() int32 {
			if int32(a) < int32(b) {
				return int32(a)
			}
			return int32(b)
		}())
		c = int16(func() int32 {
			if int32(b) < int32(a) {
				return int32(a)
			}
			return int32(b)
		}())
		c = int16(func() int32 {
			if int32(b) > int32(a) {
				return int32(a)
			}
			return int32(b)
		}())
		c = int16(func() int32 {
			if int32(a) > int32(b) {
				return int32(a)
			}
			return int32(b) + 1
		}())
		c = int16(func() int32 {
			if int32(a) < int32(b) {
				return int32(a) + 1
			}
			return int32(b)
		}())
		c = int16(func() int32 {
			if int32(b) < int32(a) {
				return int32(a)
			}
			return int32(b) + 1
		}())
		c = int16(func() int32 {
			if int32(b) > int32(a) {
				return int32(a) + 1
			}
			return int32(b)
		}())
	}
	{
		diag([]byte("int\x00"))
		var a int32 = 54
		var b int32 = -4
		var c int32
		c = func() int32 {
			if a > b {
				return a
			}
			return b
		}()
		c = func() int32 {
			if a < b {
				return a
			}
			return b
		}()
		c = func() int32 {
			if b < a {
				return a
			}
			return b
		}()
		c = func() int32 {
			if b > a {
				return a
			}
			return b
		}()
		c = func() int32 {
			if a > b {
				return a
			}
			return b + 1
		}()
		c = func() int32 {
			if a < b {
				return a + 1
			}
			return b
		}()
		c = func() int32 {
			if b < a {
				return a
			}
			return b + 1
		}()
		c = func() int32 {
			if b > a {
				return a + 1
			}
			return b
		}()
	}
	{
		diag([]byte("float\x00"))
		var a float32 = 54
		var b float32 = float32(-4)
		var c float32
		c = func() float32 {
			if a > b {
				return a
			}
			return b
		}()
		c = func() float32 {
			if a < b {
				return a
			}
			return b
		}()
		c = func() float32 {
			if b < a {
				return a
			}
			return b
		}()
		c = func() float32 {
			if b > a {
				return a
			}
			return b
		}()
		c = func() float32 {
			if a > b {
				return a
			}
			return b + 1
		}()
		c = func() float32 {
			if a < b {
				return a + 1
			}
			return b
		}()
		c = func() float32 {
			if b < a {
				return a
			}
			return b + 1
		}()
		c = func() float32 {
			if b > a {
				return a + 1
			}
			return b
		}()
	}
	{
		diag([]byte("double\x00"))
		var a float64 = 54
		var b float64 = float64(-4)
		var c float64
		c = func() float64 {
			if a > b {
				return a
			}
			return b
		}()
		c = func() float64 {
			if a < b {
				return a
			}
			return b
		}()
		c = func() float64 {
			if b < a {
				return a
			}
			return b
		}()
		c = func() float64 {
			if b > a {
				return a
			}
			return b
		}()
		c = func() float64 {
			if a > b {
				return a
			}
			return b + 1
		}()
		c = func() float64 {
			if a < b {
				return a + 1
			}
			return b
		}()
		c = func() float64 {
			if b < a {
				return a
			}
			return b + 1
		}()
		c = func() float64 {
			if b > a {
				return a + 1
			}
			return b
		}()
	}
	{
		diag([]byte("long double\x00"))
		var a float64 = 54
		var b float64 = float64(-4)
		var c float64
		c = func() float64 {
			if a > b {
				return a
			}
			return b
		}()
		c = func() float64 {
			if a < b {
				return a
			}
			return b
		}()
		c = func() float64 {
			if b < a {
				return a
			}
			return b
		}()
		c = func() float64 {
			if b > a {
				return a
			}
			return b
		}()
		c = func() float64 {
			if a > b {
				return a
			}
			return b + 1
		}()
		c = func() float64 {
			if a < b {
				return a + 1
			}
			return b
		}()
		c = func() float64 {
			if b < a {
				return a
			}
			return b + 1
		}()
		c = func() float64 {
			if b > a {
				return a + 1
			}
			return b
		}()
	}
}
